[0.026s] Invoking command in '/home/zhijie/autoware/build/mcity_msg': /usr/bin/cmake --build /home/zhijie/autoware/build/mcity_msg -- -j16 -l16
[0.073s] -- Found ament_cmake_auto: 1.3.5 (/opt/ros/humble/share/ament_cmake_auto/cmake)
[0.312s] Error parsing '/home/zhijie/autoware/src/terasim/preview_control/mcity_msg/package.xml':
[0.358s] Traceback (most recent call last):
[0.358s]   File "/usr/lib/python3/dist-packages/catkin_pkg/package.py", line 610, in parse_package_string
[0.358s]     root = dom.parseString(data)
[0.358s]   File "/usr/lib/python3.10/xml/dom/minidom.py", line 2000, in parseString
[0.359s]     return expatbuilder.parseString(string)
[0.359s]   File "/usr/lib/python3.10/xml/dom/expatbuilder.py", line 925, in parseString
[0.360s]     return builder.parseString(string)
[0.360s]   File "/usr/lib/python3.10/xml/dom/expatbuilder.py", line 223, in parseString
[0.360s]     parser.Parse(string, True)
[0.360s] xml.parsers.expat.ExpatError: XML or text declaration not at start of entity: line 28, column 0
[0.360s] 
[0.360s] During handling of the above exception, another exception occurred:
[0.360s] 
[0.360s] Traceback (most recent call last):
[0.360s]   File "/opt/ros/humble/share/ament_cmake_core/cmake/core/package_xml_2_cmake.py", line 150, in <module>
[0.360s]     main()
[0.360s]   File "/opt/ros/humble/share/ament_cmake_core/cmake/core/package_xml_2_cmake.py", line 53, in main
[0.360s]     raise e
[0.360s]   File "/opt/ros/humble/share/ament_cmake_core/cmake/core/package_xml_2_cmake.py", line 49, in main
[0.361s]     package = parse_package_string(
[0.361s]   File "/usr/lib/python3/dist-packages/catkin_pkg/package.py", line 612, in parse_package_string
[0.361s]     raise InvalidPackage('The manifest contains invalid XML:\n%s' % ex, filename)
[0.361s] catkin_pkg.package.InvalidPackage: Error(s) in package '/home/zhijie/autoware/src/terasim/preview_control/mcity_msg/package.xml':
[0.361s] The manifest contains invalid XML:
[0.361s] XML or text declaration not at start of entity: line 28, column 0
[0.369s] [31mCMake Error at /opt/ros/humble/share/ament_cmake_core/cmake/core/ament_package_xml.cmake:95 (message):
[0.369s]   execute_process(/usr/bin/python3.10
[0.369s]   /opt/ros/humble/share/ament_cmake_core/cmake/core/package_xml_2_cmake.py
[0.369s]   /home/zhijie/autoware/src/terasim/preview_control/mcity_msg/package.xml
[0.369s]   /home/zhijie/autoware/build/mcity_msg/ament_cmake_core/package.cmake)
[0.369s]   returned error code 1
[0.369s] Call Stack (most recent call first):
[0.369s]   /opt/ros/humble/share/ament_cmake_core/cmake/core/ament_package_xml.cmake:49 (_ament_package_xml)
[0.369s]   /opt/ros/humble/share/ament_cmake_auto/cmake/ament_auto_find_build_dependencies.cmake:42 (ament_package_xml)
[0.369s]   CMakeLists.txt:5 (ament_auto_find_build_dependencies)
[0.369s] 
[0.369s] [0m
[0.369s] -- Configuring incomplete, errors occurred!
[0.369s] See also "/home/zhijie/autoware/build/mcity_msg/CMakeFiles/CMakeOutput.log".
[0.370s] gmake: *** [Makefile:226: cmake_check_build_system] Error 1
[0.372s] Invoked command in '/home/zhijie/autoware/build/mcity_msg' returned '2': /usr/bin/cmake --build /home/zhijie/autoware/build/mcity_msg -- -j16 -l16
